---
source: crates/forge_domain/src/context.rs
expression: actual
---
messages:
  - text:
      role: System
      content: System message
  - text:
      role: User
      content: User message
  - text:
      role: Assistant
      content: Assistant message
