---
source: crates/forge_app/src/dto/openai/request.rs
expression: router_message
---
{
  "role": "user",
  "content": "Hello"
}
