---
source: crates/forge_domain/src/transformer/set_model.rs
expression: snapshot
---
transformation: SetModel(gpt-4)
before:
  messages:
    - text:
        role: System
        content: System message
    - text:
        role: User
        content: User message 1
    - text:
        role: Assistant
        content: Assistant response
    - text:
        role: User
        content: User message 2
after:
  messages:
    - text:
        role: System
        content: System message
    - text:
        role: User
        content: User message 1
        model: gpt-4
    - text:
        role: Assistant
        content: Assistant response
    - text:
        role: User
        content: User message 2
        model: gpt-4
